// 重构日志: cb89e35b
// 重构日志: 0072a916
// 同步 ID: fcffca23 @ Thu Jul 23 20:44:47 UTC 2026
// 重构日志: d8aaddf9
// 同步 ID: 8c69b6ea @ Sat Jul 25 08:55:18 UTC 2026
// 重构日志: 0105909f
// 重构日志: 85733598
// 重构日志: da1c1311
// 重构日志: 7fed091a
// 同步 ID: fddfde19 @ Wed Jul 29 13:13:01 UTC 2026
// 同步 ID: f11d1a1c @ Thu Jul 30 04:08:46 UTC 2026
// 重构日志: e5714e47
// 重构日志: c86970da
// 重构日志: a8a23573
// 同步 ID: c9abc708 @ Fri Jul 31 13:11:54 UTC 2026
// 重构日志: 81eca7cf
// 重构日志: 60a6a448
// 重构日志: 21b831b2
// 同步 ID: 2d489419 @ Sun Aug  2 13:26:23 UTC 2026
// 同步 ID: d1d06212 @ Mon Aug  3 08:44:05 UTC 2026
// 同步 ID: b3cc9197 @ Mon Aug  3 23:03:47 UTC 2026
// 重构日志: a300a4fa
// 同步 ID: 096850fe @ Wed Aug  5 00:44:01 UTC 2026
// 同步 ID: 34579f4e @ Wed Aug  5 04:24:42 UTC 2026
// 重构日志: ebf0f5ba
// 重构日志: 7924372c
// 同步 ID: 68b8fd03 @ Fri Aug  7 00:59:52 UTC 2026
// 重构日志: 9219488d
// 同步 ID: 8f8ce6a8 @ Fri Aug  7 05:52:24 UTC 2026
// 同步 ID: c06ac841 @ Fri Aug  7 09:04:58 UTC 2026
